
> @figma/my-make-file@0.0.1 build
> vite build

vite v6.3.5 building for production...
transforming...
✓ 3431 modules transformed.
✗ Build failed in 3.88s
error during build:
[vite:esbuild] Transform failed with 1 error:
/Users/akilsir_murat/Downloads/p/Salonmanagementsaasapp/src/app/components/more/MoreScreen.tsx:211:13: ERROR: Expected ")" but found "className"
file: /Users/akilsir_murat/Downloads/p/Salonmanagementsaasapp/src/app/components/more/MoreScreen.tsx:211:13

Expected ")" but found "className"
209|          </div>
210|  
211|          <div className="text-center text-[10px] text-muted-foreground pt-4 opacity-60">
   |               ^
212|            <p>Salon OS Enterprise — v3.2.0</p>
213|          </div>

    at failureErrorWithLog (/Users/akilsir_murat/Downloads/p/Salonmanagementsaasapp/node_modules/esbuild/lib/main.js:1467:15)
    at /Users/akilsir_murat/Downloads/p/Salonmanagementsaasapp/node_modules/esbuild/lib/main.js:736:50
    at responseCallbacks.<computed> (/Users/akilsir_murat/Downloads/p/Salonmanagementsaasapp/node_modules/esbuild/lib/main.js:603:9)
    at handleIncomingPacket (/Users/akilsir_murat/Downloads/p/Salonmanagementsaasapp/node_modules/esbuild/lib/main.js:658:12)
    at Socket.readFromStdout (/Users/akilsir_murat/Downloads/p/Salonmanagementsaasapp/node_modules/esbuild/lib/main.js:581:7)
    at Socket.emit (node:events:518:28)
    at addChunk (node:internal/streams/readable:561:12)
    at readableAddChunkPushByteMode (node:internal/streams/readable:512:3)
    at Readable.push (node:internal/streams/readable:392:5)
    at Pipe.onStreamRead (node:internal/stream_base_commons:189:23)
